AstStore[74 nodes, 111 extra words]
[1] module_decl span=0 data=str_node("functions",0)
[2] version_literal span=0 data=extra(0)
[3] metadata span=0 data=node_extra(2,extra=3)
[4] identifier span=0 data=str("static")
[5] metadata span=0 data=node_extra(4,extra=4)
[6] type_named span=0 data=str("i32")
[7] param span=0 data=str_extra("x",extra=5)
[8] type_named span=0 data=str("i32")
[9] identifier span=0 data=str("x")
[10] int_literal span=0 data=str("3")
[11] binary_expr span=0 data=node_extra(9,extra=8)
[12] return_stmt span=0 data=node(11)
[13] block span=0 data=extra(10)
[14] func_decl span=0 data=str_extra("triple",extra=12)
[15] type_named span=0 data=str("i32")
[16] type_named span=0 data=str("i32")
[17] type_func span=0 data=node_extra(15,extra=18)
[18] param span=0 data=str_extra("f",extra=20)
[19] type_named span=0 data=str("i32")
[20] param span=0 data=str_extra("x",extra=22)
[21] type_named span=0 data=str("i32")
[22] identifier span=0 data=str("f")
[23] identifier span=0 data=str("x")
[24] call_expr span=0 data=node_extra(22,extra=27)
[25] return_stmt span=0 data=node(24)
[26] block span=0 data=extra(30)
[27] func_decl span=0 data=str_extra("apply",extra=32)
[28] type_named span=0 data=str("i32")
[29] identifier span=0 data=str("triple")
[30] type_named span=0 data=str("i32")
[31] type_named span=0 data=str("i32")
[32] type_func span=0 data=node_extra(30,extra=38)
[33] var_decl span=0 data=str_extra("f",extra=40)
[34] identifier span=0 data=str("f")
[35] int_literal span=0 data=str("4")
[36] call_expr span=0 data=node_extra(34,extra=44)
[37] return_stmt span=0 data=node(36)
[38] block span=0 data=extra(47)
[39] func_decl span=0 data=str_extra("call_via_ptr",extra=50)
[40] type_named span=0 data=str("str")
[41] param span=0 data=str_extra("name",extra=55)
[42] type_named span=0 data=str("str")
[43] string_literal span=0 data=str(""hello"")
[44] param span=0 data=str_extra("greeting",extra=57)
[45] type_named span=0 data=str("str")
[46] identifier span=0 data=str("greeting")
[47] string_literal span=0 data=str("" "")
[48] binary_expr span=0 data=node_extra(46,extra=61)
[49] identifier span=0 data=str("name")
[50] binary_expr span=0 data=node_extra(48,extra=63)
[51] return_stmt span=0 data=node(50)
[52] block span=0 data=extra(65)
[53] func_decl span=0 data=str_extra("greet",extra=67)
[54] type_named span=0 data=str("i32")
[55] param span=0 data=str_extra("n",extra=72)
[56] type_named span=0 data=str("i32")
[57] identifier span=0 data=str("n")
[58] int_literal span=0 data=str("1")
[59] binary_expr span=0 data=node_extra(57,extra=75)
[60] int_literal span=0 data=str("1")
[61] return_stmt span=0 data=node(60)
[62] block span=0 data=extra(77)
[63] if_stmt span=0 data=node_extra(59,extra=79)
[64] identifier span=0 data=str("n")
[65] identifier span=0 data=str("factorial")
[66] identifier span=0 data=str("n")
[67] int_literal span=0 data=str("1")
[68] binary_expr span=0 data=node_extra(66,extra=81)
[69] call_expr span=0 data=node_extra(65,extra=84)
[70] binary_expr span=0 data=node_extra(64,extra=87)
[71] return_stmt span=0 data=node(70)
[72] block span=0 data=extra(89)
[73] func_decl span=0 data=str_extra("factorial",extra=92)
[74] program span=0 data=extra(104)
Built: bin/libfunctions.a
