AstStore[77 nodes, 129 extra words]
[1] module_decl span=0 data=str_node("comptime",0)
[2] version_literal span=0 data=extra(0)
[3] metadata span=0 data=node_extra(2,extra=3)
[4] identifier span=0 data=str("static")
[5] metadata span=0 data=node_extra(4,extra=4)
[6] type_named span=0 data=str("i32")
[7] param span=0 data=str_extra("n",extra=5)
[8] type_named span=0 data=str("i32")
[9] identifier span=0 data=str("n")
[10] int_literal span=0 data=str("2")
[11] binary_expr span=0 data=node_extra(9,extra=8)
[12] return_stmt span=0 data=node(11)
[13] block span=0 data=extra(10)
[14] func_decl span=0 data=str_extra("doubled",extra=12)
[15] type_named span=0 data=str("i32")
[16] identifier span=0 data=str("i32")
[17] compiler_func span=0 data=str_extra("size",extra=18)
[18] return_stmt span=0 data=node(17)
[19] block span=0 data=extra(20)
[20] func_decl span=0 data=str_extra("size_of_i32",extra=22)
[21] type_named span=0 data=str("any")
[22] param span=0 data=str_extra("val",extra=27)
[23] type_named span=0 data=str("bool")
[24] identifier span=0 data=str("val")
[25] compiler_func span=0 data=str_extra("typeOf",extra=31)
[26] type_named span=0 data=str("type")
[27] var_decl span=0 data=str_extra("T",extra=33)
[28] identifier span=0 data=str("T")
[29] identifier span=0 data=str("i32")
[30] binary_expr span=0 data=node_extra(28,extra=36)
[31] return_stmt span=0 data=node(30)
[32] block span=0 data=extra(38)
[33] func_decl span=0 data=str_extra("typeof_match",extra=41)
[34] type_named span=0 data=str("bool")
[35] int_literal span=0 data=str("42")
[36] type_named span=0 data=str("i32")
[37] var_decl span=0 data=str_extra("x",extra=46)
[38] identifier span=0 data=str("typeof_match")
[39] identifier span=0 data=str("x")
[40] call_expr span=0 data=node_extra(38,extra=50)
[41] return_stmt span=0 data=node(40)
[42] block span=0 data=extra(53)
[43] func_decl span=0 data=str_extra("check_type",extra=56)
[44] type_named span=0 data=str("type")
[45] param span=0 data=str_extra("T",extra=61)
[46] type_named span=0 data=str("type")
[47] type_named span=0 data=str("T")
[48] field_decl span=0 data=str_extra("inner",extra=64)
[49] type_named span=0 data=str("@this")
[50] type_ptr span=0 data=node_extra(49,extra=67)
[51] param span=0 data=str_extra("self",extra=68)
[52] type_named span=0 data=str("T")
[53] identifier span=0 data=str("self")
[54] field_expr span=0 data=str_node("inner",53)
[55] return_stmt span=0 data=node(54)
[56] block span=0 data=extra(71)
[57] func_decl span=0 data=str_extra("get",extra=73)
[58] struct_type span=0 data=extra(78)
[59] return_stmt span=0 data=node(58)
[60] block span=0 data=extra(81)
[61] func_decl span=0 data=str_extra("Wrapper",extra=83)
[62] type_named span=0 data=str("i32")
[63] identifier span=0 data=str("Wrapper")
[64] identifier span=0 data=str("i32")
[65] call_expr span=0 data=node_extra(63,extra=89)
[66] int_literal span=0 data=str("99")
[67] call_expr span=0 data=node_extra(65,extra=94)
[68] type_named span=0 data=str("i32")
[69] type_generic span=0 data=str_extra("Wrapper",extra=98)
[70] var_decl span=0 data=str_extra("w",extra=100)
[71] identifier span=0 data=str("w")
[72] field_expr span=0 data=str_node("get",71)
[73] call_expr span=0 data=node_extra(72,extra=103)
[74] return_stmt span=0 data=node(73)
[75] block span=0 data=extra(106)
[76] func_decl span=0 data=str_extra("make_wrapper",extra=109)
[77] program span=0 data=extra(122)
Built: bin/libcomptime.a
