AstStore[79 nodes, 112 extra words]
[1] module_decl span=0 data=str_node("ownership",0)
[2] version_literal span=0 data=extra(0)
[3] metadata span=0 data=node_extra(2,extra=3)
[4] identifier span=0 data=str("static")
[5] metadata span=0 data=node_extra(4,extra=4)
[6] type_named span=0 data=str("f32")
[7] field_decl span=0 data=str_extra("x",extra=5)
[8] type_named span=0 data=str("f32")
[9] field_decl span=0 data=str_extra("y",extra=8)
[10] struct_decl span=0 data=str_extra("Vec2",extra=13)
[11] type_named span=0 data=str("Vec2")
[12] type_ptr span=0 data=node_extra(11,extra=20)
[13] param span=0 data=str_extra("v",extra=21)
[14] type_named span=0 data=str("f32")
[15] identifier span=0 data=str("v")
[16] field_expr span=0 data=str_node("x",15)
[17] identifier span=0 data=str("v")
[18] field_expr span=0 data=str_node("y",17)
[19] binary_expr span=0 data=node_extra(16,extra=24)
[20] return_stmt span=0 data=node(19)
[21] block span=0 data=extra(26)
[22] func_decl span=0 data=str_extra("read_vec",extra=28)
[23] type_named span=0 data=str("Vec2")
[24] type_ptr span=0 data=node_extra(23,extra=33)
[25] param span=0 data=str_extra("v",extra=34)
[26] type_named span=0 data=str("f32")
[27] param span=0 data=str_extra("factor",extra=36)
[28] type_named span=0 data=str("void")
[29] identifier span=0 data=str("v")
[30] field_expr span=0 data=str_node("x",29)
[31] identifier span=0 data=str("v")
[32] field_expr span=0 data=str_node("x",31)
[33] identifier span=0 data=str("factor")
[34] binary_expr span=0 data=node_extra(32,extra=40)
[35] assignment span=0 data=node_extra(30,extra=42)
[36] identifier span=0 data=str("v")
[37] field_expr span=0 data=str_node("y",36)
[38] identifier span=0 data=str("v")
[39] field_expr span=0 data=str_node("y",38)
[40] identifier span=0 data=str("factor")
[41] binary_expr span=0 data=node_extra(39,extra=44)
[42] assignment span=0 data=node_extra(37,extra=46)
[43] block span=0 data=extra(48)
[44] func_decl span=0 data=str_extra("scale_vec",extra=51)
[45] type_named span=0 data=str("f32")
[46] identifier span=0 data=str("Vec2")
[47] float_literal span=0 data=str("1.0")
[48] float_literal span=0 data=str("2.0")
[49] call_expr span=0 data=node_extra(46,extra=60)
[50] type_named span=0 data=str("Vec2")
[51] var_decl span=0 data=str_extra("a",extra=63)
[52] identifier span=0 data=str("a")
[53] compiler_func span=0 data=str_extra("copy",extra=67)
[54] type_named span=0 data=str("Vec2")
[55] var_decl span=0 data=str_extra("b",extra=69)
[56] identifier span=0 data=str("b")
[57] field_expr span=0 data=str_node("x",56)
[58] float_literal span=0 data=str("10.0")
[59] assignment span=0 data=node_extra(57,extra=72)
[60] identifier span=0 data=str("b")
[61] field_expr span=0 data=str_node("x",60)
[62] identifier span=0 data=str("a")
[63] field_expr span=0 data=str_node("x",62)
[64] binary_expr span=0 data=node_extra(61,extra=74)
[65] return_stmt span=0 data=node(64)
[66] block span=0 data=extra(76)
[67] func_decl span=0 data=str_extra("copy_demo",extra=81)
[68] type_named span=0 data=str("Vec2")
[69] param span=0 data=str_extra("v",extra=86)
[70] type_named span=0 data=str("f32")
[71] identifier span=0 data=str("v")
[72] field_expr span=0 data=str_node("x",71)
[73] identifier span=0 data=str("v")
[74] field_expr span=0 data=str_node("y",73)
[75] binary_expr span=0 data=node_extra(72,extra=89)
[76] return_stmt span=0 data=node(75)
[77] block span=0 data=extra(91)
[78] func_decl span=0 data=str_extra("by_value",extra=93)
[79] program span=0 data=extra(105)
Built: bin/libownership.a
