AstStore[28 nodes, 46 extra words]
[1] module_decl span=0 data=str_node("basic",0)
[2] version_literal span=0 data=extra(0)
[3] metadata span=0 data=node_extra(2,extra=3)
[4] identifier span=0 data=str("static")
[5] metadata span=0 data=node_extra(4,extra=4)
[6] type_named span=0 data=str("i32")
[7] param span=0 data=str_extra("a",extra=5)
[8] type_named span=0 data=str("i32")
[9] param span=0 data=str_extra("b",extra=7)
[10] type_named span=0 data=str("i32")
[11] identifier span=0 data=str("a")
[12] identifier span=0 data=str("b")
[13] binary_expr span=0 data=node_extra(11,extra=11)
[14] return_stmt span=0 data=node(13)
[15] block span=0 data=extra(13)
[16] func_decl span=0 data=str_extra("add",extra=15)
[17] type_named span=0 data=str("i32")
[18] param span=0 data=str_extra("a",extra=20)
[19] type_named span=0 data=str("i32")
[20] param span=0 data=str_extra("b",extra=22)
[21] type_named span=0 data=str("i32")
[22] identifier span=0 data=str("a")
[23] identifier span=0 data=str("b")
[24] binary_expr span=0 data=node_extra(22,extra=26)
[25] return_stmt span=0 data=node(24)
[26] block span=0 data=extra(28)
[27] func_decl span=0 data=str_extra("multiply",extra=30)
[28] program span=0 data=extra(39)
Built: bin/libbasic.a
