AstStore[59 nodes, 89 extra words]
[1] module_decl span=0 data=str_node("enums",0)
[2] version_literal span=0 data=extra(0)
[3] metadata span=0 data=node_extra(2,extra=3)
[4] identifier span=0 data=str("static")
[5] metadata span=0 data=node_extra(4,extra=4)
[6] type_named span=0 data=str("u8")
[7] enum_variant span=0 data=str_extra("Red",extra=5)
[8] enum_variant span=0 data=str_extra("Green",extra=6)
[9] enum_variant span=0 data=str_extra("Blue",extra=7)
[10] enum_decl span=0 data=str_extra("Color",extra=11)
[11] type_named span=0 data=str("u32")
[12] int_literal span=0 data=str("0")
[13] enum_variant span=0 data=str_extra("Ok",extra=15)
[14] int_literal span=0 data=str("1")
[15] enum_variant span=0 data=str_extra("Err",extra=16)
[16] int_literal span=0 data=str("2")
[17] enum_variant span=0 data=str_extra("Pending",extra=17)
[18] enum_decl span=0 data=str_extra("Status",extra=21)
[19] type_named span=0 data=str("Color")
[20] identifier span=0 data=str("Red")
[21] type_named span=0 data=str("Color")
[22] var_decl span=0 data=str_extra("c",extra=25)
[23] identifier span=0 data=str("c")
[24] return_stmt span=0 data=node(23)
[25] block span=0 data=extra(28)
[26] func_decl span=0 data=str_extra("make_color",extra=31)
[27] type_named span=0 data=str("Color")
[28] param span=0 data=str_extra("c",extra=36)
[29] type_named span=0 data=str("i32")
[30] identifier span=0 data=str("c")
[31] identifier span=0 data=str("Red")
[32] int_literal span=0 data=str("1")
[33] return_stmt span=0 data=node(32)
[34] block span=0 data=extra(39)
[35] match_arm span=0 data=node_extra(31,extra=41)
[36] identifier span=0 data=str("Green")
[37] int_literal span=0 data=str("2")
[38] return_stmt span=0 data=node(37)
[39] block span=0 data=extra(43)
[40] match_arm span=0 data=node_extra(36,extra=45)
[41] identifier span=0 data=str("Blue")
[42] int_literal span=0 data=str("3")
[43] return_stmt span=0 data=node(42)
[44] block span=0 data=extra(47)
[45] match_arm span=0 data=node_extra(41,extra=49)
[46] identifier span=0 data=str("else")
[47] int_literal span=0 data=str("0")
[48] return_stmt span=0 data=node(47)
[49] block span=0 data=extra(51)
[50] match_arm span=0 data=node_extra(46,extra=53)
[51] match_stmt span=0 data=node_extra(30,extra=59)
[52] block span=0 data=extra(61)
[53] func_decl span=0 data=str_extra("color_to_int",extra=63)
[54] type_named span=0 data=str("Status")
[55] identifier span=0 data=str("Ok")
[56] return_stmt span=0 data=node(55)
[57] block span=0 data=extra(68)
[58] func_decl span=0 data=str_extra("status_ok",extra=70)
[59] program span=0 data=extra(82)
Built: bin/libenums.a
