AstStore[33 nodes, 74 extra words]
[1] module_decl span=0 data=str_node("interpolation",0)
[2] version_literal span=0 data=extra(0)
[3] metadata span=0 data=node_extra(2,extra=3)
[4] identifier span=0 data=str("static")
[5] metadata span=0 data=node_extra(4,extra=4)
[6] type_named span=0 data=str("str")
[7] param span=0 data=str_extra("name",extra=5)
[8] type_named span=0 data=str("str")
[9] identifier span=0 data=str("name")
[10] interpolated_string span=0 data=extra(14)
[11] return_stmt span=0 data=node(10)
[12] block span=0 data=extra(16)
[13] func_decl span=0 data=str_extra("greet",extra=18)
[14] type_named span=0 data=str("i32")
[15] param span=0 data=str_extra("x",extra=23)
[16] type_named span=0 data=str("str")
[17] identifier span=0 data=str("x")
[18] interpolated_string span=0 data=extra(30)
[19] return_stmt span=0 data=node(18)
[20] block span=0 data=extra(32)
[21] func_decl span=0 data=str_extra("fmt_int",extra=34)
[22] type_named span=0 data=str("str")
[23] param span=0 data=str_extra("a",extra=39)
[24] type_named span=0 data=str("i32")
[25] param span=0 data=str_extra("b",extra=41)
[26] type_named span=0 data=str("str")
[27] identifier span=0 data=str("a")
[28] identifier span=0 data=str("b")
[29] interpolated_string span=0 data=extra(53)
[30] return_stmt span=0 data=node(29)
[31] block span=0 data=extra(55)
[32] func_decl span=0 data=str_extra("multi",extra=57)
[33] program span=0 data=extra(67)
Built: bin/libinterpolation.a
