AstStore[30 nodes, 60 extra words]
[1] module_decl span=0 data=str_node("structs",0)
[2] version_literal span=0 data=extra(0)
[3] metadata span=0 data=node_extra(2,extra=3)
[4] identifier span=0 data=str("static")
[5] metadata span=0 data=node_extra(4,extra=4)
[6] type_named span=0 data=str("Summable")
[7] type_ptr span=0 data=node_extra(6,extra=5)
[8] param span=0 data=str_extra("self",extra=6)
[9] type_named span=0 data=str("i32")
[10] block span=0 data=extra(9)
[11] func_decl span=0 data=str_extra("sum",extra=10)
[12] blueprint_decl span=0 data=str_extra("Summable",extra=16)
[13] type_named span=0 data=str("i32")
[14] field_decl span=0 data=str_extra("x",extra=19)
[15] type_named span=0 data=str("i32")
[16] field_decl span=0 data=str_extra("y",extra=22)
[17] type_named span=0 data=str("Point")
[18] type_ptr span=0 data=node_extra(17,extra=25)
[19] param span=0 data=str_extra("self",extra=26)
[20] type_named span=0 data=str("i32")
[21] identifier span=0 data=str("self")
[22] field_expr span=0 data=str_node("x",21)
[23] identifier span=0 data=str("self")
[24] field_expr span=0 data=str_node("y",23)
[25] binary_expr span=0 data=node_extra(22,extra=29)
[26] return_stmt span=0 data=node(25)
[27] block span=0 data=extra(31)
[28] func_decl span=0 data=str_extra("sum",extra=33)
[29] struct_decl span=0 data=str_extra("Point",extra=42)
[30] program span=0 data=extra(53)
Built: bin/libstructs.a
