AstStore[133 nodes, 175 extra words]
[1] module_decl span=0 data=str_node("matching",0)
[2] version_literal span=0 data=extra(0)
[3] metadata span=0 data=node_extra(2,extra=3)
[4] identifier span=0 data=str("static")
[5] metadata span=0 data=node_extra(4,extra=4)
[6] type_named span=0 data=str("u8")
[7] enum_variant span=0 data=str_extra("Red",extra=5)
[8] enum_variant span=0 data=str_extra("Green",extra=6)
[9] enum_variant span=0 data=str_extra("Blue",extra=7)
[10] enum_decl span=0 data=str_extra("Color",extra=11)
[11] type_named span=0 data=str("i32")
[12] param span=0 data=str_extra("n",extra=15)
[13] type_named span=0 data=str("i32")
[14] identifier span=0 data=str("n")
[15] int_literal span=0 data=str("0")
[16] int_literal span=0 data=str("0")
[17] return_stmt span=0 data=node(16)
[18] block span=0 data=extra(18)
[19] match_arm span=0 data=node_extra(15,extra=20)
[20] int_literal span=0 data=str("1")
[21] int_literal span=0 data=str("10")
[22] return_stmt span=0 data=node(21)
[23] block span=0 data=extra(22)
[24] match_arm span=0 data=node_extra(20,extra=24)
[25] identifier span=0 data=str("else")
[26] int_literal span=0 data=str("99")
[27] return_stmt span=0 data=node(26)
[28] block span=0 data=extra(26)
[29] match_arm span=0 data=node_extra(25,extra=28)
[30] match_stmt span=0 data=node_extra(14,extra=33)
[31] block span=0 data=extra(35)
[32] func_decl span=0 data=str_extra("on_int",extra=37)
[33] type_named span=0 data=str("i32")
[34] param span=0 data=str_extra("n",extra=42)
[35] type_named span=0 data=str("i32")
[36] identifier span=0 data=str("n")
[37] int_literal span=0 data=str("1")
[38] int_literal span=0 data=str("3")
[39] range_expr span=0 data=node_extra(37,extra=45)
[40] int_literal span=0 data=str("1")
[41] return_stmt span=0 data=node(40)
[42] block span=0 data=extra(47)
[43] match_arm span=0 data=node_extra(39,extra=49)
[44] int_literal span=0 data=str("4")
[45] int_literal span=0 data=str("6")
[46] range_expr span=0 data=node_extra(44,extra=51)
[47] int_literal span=0 data=str("2")
[48] return_stmt span=0 data=node(47)
[49] block span=0 data=extra(53)
[50] match_arm span=0 data=node_extra(46,extra=55)
[51] identifier span=0 data=str("else")
[52] int_literal span=0 data=str("0")
[53] return_stmt span=0 data=node(52)
[54] block span=0 data=extra(57)
[55] match_arm span=0 data=node_extra(51,extra=59)
[56] match_stmt span=0 data=node_extra(36,extra=64)
[57] block span=0 data=extra(66)
[58] func_decl span=0 data=str_extra("on_range",extra=68)
[59] type_named span=0 data=str("str")
[60] param span=0 data=str_extra("s",extra=73)
[61] type_named span=0 data=str("i32")
[62] identifier span=0 data=str("s")
[63] string_literal span=0 data=str(""hello"")
[64] int_literal span=0 data=str("1")
[65] return_stmt span=0 data=node(64)
[66] block span=0 data=extra(76)
[67] match_arm span=0 data=node_extra(63,extra=78)
[68] string_literal span=0 data=str(""world"")
[69] int_literal span=0 data=str("2")
[70] return_stmt span=0 data=node(69)
[71] block span=0 data=extra(80)
[72] match_arm span=0 data=node_extra(68,extra=82)
[73] identifier span=0 data=str("else")
[74] int_literal span=0 data=str("0")
[75] return_stmt span=0 data=node(74)
[76] block span=0 data=extra(84)
[77] match_arm span=0 data=node_extra(73,extra=86)
[78] match_stmt span=0 data=node_extra(62,extra=91)
[79] block span=0 data=extra(93)
[80] func_decl span=0 data=str_extra("on_str",extra=95)
[81] type_named span=0 data=str("i32")
[82] param span=0 data=str_extra("n",extra=100)
[83] type_named span=0 data=str("i32")
[84] identifier span=0 data=str("n")
[85] identifier span=0 data=str("x")
[86] identifier span=0 data=str("x")
[87] int_literal span=0 data=str("0")
[88] binary_expr span=0 data=node_extra(86,extra=103)
[89] int_literal span=0 data=str("1")
[90] return_stmt span=0 data=node(89)
[91] block span=0 data=extra(105)
[92] match_arm span=0 data=node_extra(85,extra=107)
[93] identifier span=0 data=str("x")
[94] identifier span=0 data=str("x")
[95] int_literal span=0 data=str("0")
[96] binary_expr span=0 data=node_extra(94,extra=109)
[97] int_literal span=0 data=str("0")
[98] int_literal span=0 data=str("1")
[99] binary_expr span=0 data=node_extra(97,extra=111)
[100] return_stmt span=0 data=node(99)
[101] block span=0 data=extra(113)
[102] match_arm span=0 data=node_extra(93,extra=115)
[103] identifier span=0 data=str("else")
[104] int_literal span=0 data=str("0")
[105] return_stmt span=0 data=node(104)
[106] block span=0 data=extra(117)
[107] match_arm span=0 data=node_extra(103,extra=119)
[108] match_stmt span=0 data=node_extra(84,extra=124)
[109] block span=0 data=extra(126)
[110] func_decl span=0 data=str_extra("on_guard",extra=128)
[111] type_named span=0 data=str("Color")
[112] param span=0 data=str_extra("c",extra=133)
[113] type_named span=0 data=str("i32")
[114] identifier span=0 data=str("c")
[115] identifier span=0 data=str("Red")
[116] int_literal span=0 data=str("1")
[117] return_stmt span=0 data=node(116)
[118] block span=0 data=extra(136)
[119] match_arm span=0 data=node_extra(115,extra=138)
[120] identifier span=0 data=str("Green")
[121] int_literal span=0 data=str("2")
[122] return_stmt span=0 data=node(121)
[123] block span=0 data=extra(140)
[124] match_arm span=0 data=node_extra(120,extra=142)
[125] identifier span=0 data=str("Blue")
[126] int_literal span=0 data=str("3")
[127] return_stmt span=0 data=node(126)
[128] block span=0 data=extra(144)
[129] match_arm span=0 data=node_extra(125,extra=146)
[130] match_stmt span=0 data=node_extra(114,extra=151)
[131] block span=0 data=extra(153)
[132] func_decl span=0 data=str_extra("on_enum",extra=155)
[133] program span=0 data=extra(168)
Built: bin/libmatching.a
