AstStore[56 nodes, 74 extra words]
[1] module_decl span=0 data=str_node("control",0)
[2] version_literal span=0 data=extra(0)
[3] metadata span=0 data=node_extra(2,extra=3)
[4] identifier span=0 data=str("static")
[5] metadata span=0 data=node_extra(4,extra=4)
[6] type_named span=0 data=str("i32")
[7] param span=0 data=str_extra("n",extra=5)
[8] type_named span=0 data=str("str")
[9] identifier span=0 data=str("n")
[10] int_literal span=0 data=str("0")
[11] binary_expr span=0 data=node_extra(9,extra=8)
[12] string_literal span=0 data=str(""positive"")
[13] return_stmt span=0 data=node(12)
[14] block span=0 data=extra(10)
[15] identifier span=0 data=str("n")
[16] int_literal span=0 data=str("0")
[17] binary_expr span=0 data=node_extra(15,extra=12)
[18] string_literal span=0 data=str(""negative"")
[19] return_stmt span=0 data=node(18)
[20] block span=0 data=extra(14)
[21] string_literal span=0 data=str(""zero"")
[22] return_stmt span=0 data=node(21)
[23] block span=0 data=extra(16)
[24] if_stmt span=0 data=node_extra(17,extra=18)
[25] if_stmt span=0 data=node_extra(11,extra=20)
[26] block span=0 data=extra(22)
[27] func_decl span=0 data=str_extra("classify",extra=24)
[28] type_named span=0 data=str("i32")
[29] param span=0 data=str_extra("n",extra=29)
[30] type_named span=0 data=str("i32")
[31] int_literal span=0 data=str("0")
[32] type_named span=0 data=str("i32")
[33] var_decl span=0 data=str_extra("total",extra=32)
[34] int_literal span=0 data=str("1")
[35] type_named span=0 data=str("i32")
[36] var_decl span=0 data=str_extra("i",extra=35)
[37] identifier span=0 data=str("i")
[38] identifier span=0 data=str("n")
[39] binary_expr span=0 data=node_extra(37,extra=38)
[40] identifier span=0 data=str("total")
[41] identifier span=0 data=str("total")
[42] identifier span=0 data=str("i")
[43] binary_expr span=0 data=node_extra(41,extra=40)
[44] assignment span=0 data=node_extra(40,extra=42)
[45] identifier span=0 data=str("i")
[46] identifier span=0 data=str("i")
[47] int_literal span=0 data=str("1")
[48] binary_expr span=0 data=node_extra(46,extra=44)
[49] assignment span=0 data=node_extra(45,extra=46)
[50] block span=0 data=extra(48)
[51] while_stmt span=0 data=node_extra(39,extra=51)
[52] identifier span=0 data=str("total")
[53] return_stmt span=0 data=node(52)
[54] block span=0 data=extra(53)
[55] func_decl span=0 data=str_extra("sum_to",extra=58)
[56] program span=0 data=extra(67)
Built: bin/libcontrol.a
